loaded 1000 payloads from /users/dmicloiu/projects/flock/analysis/results/network_analysis/2449275/payloads_2.jsonl
endpoint=http://127.0.0.1:8000/v1/completions inflight=128 warmup=128 total=1000 timeout_ms=120000 rows_per_request=32 payloads=1000
  [warmup] done: 128 req in 5.26s = 24.34 req/s
  [main] submitted=185 completed=57 inflight=128 rate=26.4 req/s
  [main] submitted=229 completed=101 inflight=128 rate=21.1 req/s
  [main] submitted=287 completed=160 inflight=127 rate=29.1 req/s
  [main] submitted=345 completed=218 inflight=127 rate=27.3 req/s
  [main] submitted=385 completed=257 inflight=128 rate=16.2 req/s
  [main] submitted=456 completed=329 inflight=127 rate=35.3 req/s
  [main] submitted=509 completed=381 inflight=128 rate=24.5 req/s
  [main] submitted=553 completed=427 inflight=126 rate=22.1 req/s
  [main] submitted=613 completed=486 inflight=127 rate=27.8 req/s
  [main] submitted=646 completed=519 inflight=127 rate=15.1 req/s
  [main] submitted=715 completed=587 inflight=128 rate=32.7 req/s
  [main] submitted=769 completed=641 inflight=128 rate=20.1 req/s
  [main] submitted=831 completed=704 inflight=127 rate=31.2 req/s
  [main] submitted=890 completed=762 inflight=128 rate=27.3 req/s
  [main] submitted=935 completed=807 inflight=128 rate=20.9 req/s
  [main] submitted=995 completed=867 inflight=128 rate=28.2 req/s
  [main] done: 1000 req in 35.96s = 27.81 req/s
MAIN total=1000 ok=1000 err=0 elapsed_s=35.960 throughput_requests_per_s=27.8085 throughput_rows_per_s=889.8719 mean_latency_ms=4562.67 max_latency_ms=5597.50 p50_latency_ms=5116.89 p95_latency_ms=5332.61 p99_latency_ms=5480.96
