loaded 4096 payloads from /users/dmicloiu/projects/flock/analysis/results/router_sticky_sweep/2492926/payloads_k512.jsonl
loaded 4096 prefix keys from /users/dmicloiu/projects/flock/analysis/results/router_sticky_sweep/2492926/keys_k512.txt
strategy=round_robin endpoints=4 inflight=128 warmup=0 total=4096 timeout_ms=120000 rows_per_request=32 payloads=4096 keys=4096
  [main] submitted=129 completed=3 inflight=126 rate=1.1 req/s
  [main] submitted=258 completed=131 inflight=127 rate=63.8 req/s
  [main] submitted=385 completed=257 inflight=128 rate=60.6 req/s
  [main] submitted=513 completed=385 inflight=128 rate=59.6 req/s
  [main] submitted=641 completed=513 inflight=128 rate=60.6 req/s
  [main] submitted=768 completed=640 inflight=128 rate=62.7 req/s
  [main] submitted=893 completed=765 inflight=128 rate=61.4 req/s
  [main] submitted=1013 completed=886 inflight=127 rate=59.8 req/s
  [main] submitted=1132 completed=1004 inflight=128 rate=59.0 req/s
  [main] submitted=1249 completed=1122 inflight=127 rate=58.1 req/s
  [main] submitted=1375 completed=1247 inflight=128 rate=61.5 req/s
  [main] submitted=1496 completed=1368 inflight=128 rate=60.3 req/s
  [main] submitted=1614 completed=1486 inflight=128 rate=58.5 req/s
  [main] submitted=1736 completed=1608 inflight=128 rate=59.7 req/s
  [main] submitted=1854 completed=1726 inflight=128 rate=57.8 req/s
  [main] submitted=1976 completed=1848 inflight=128 rate=60.9 req/s
  [main] submitted=2094 completed=1966 inflight=128 rate=58.6 req/s
  [main] submitted=2214 completed=2086 inflight=128 rate=59.9 req/s
  [main] submitted=2335 completed=2207 inflight=128 rate=59.6 req/s
  [main] submitted=2456 completed=2328 inflight=128 rate=59.0 req/s
  [main] submitted=2577 completed=2449 inflight=128 rate=59.8 req/s
  [main] submitted=2696 completed=2568 inflight=128 rate=59.3 req/s
  [main] submitted=2816 completed=2688 inflight=128 rate=59.9 req/s
  [main] submitted=2938 completed=2810 inflight=128 rate=60.3 req/s
  [main] submitted=3060 completed=2932 inflight=128 rate=60.1 req/s
  [main] submitted=3179 completed=3051 inflight=128 rate=59.4 req/s
  [main] submitted=3297 completed=3169 inflight=128 rate=58.4 req/s
  [main] submitted=3418 completed=3290 inflight=128 rate=60.5 req/s
  [main] submitted=3536 completed=3408 inflight=128 rate=58.9 req/s
  [main] submitted=3654 completed=3526 inflight=128 rate=58.3 req/s
  [main] submitted=3771 completed=3643 inflight=128 rate=58.1 req/s
  [main] submitted=3891 completed=3763 inflight=128 rate=59.9 req/s
  [main] submitted=4008 completed=3880 inflight=128 rate=58.3 req/s
  [main] done: 4096 req in 69.63s = 58.82 req/s
MAIN strategy=round_robin total=4096 ok=4096 err=0 elapsed_s=69.634 throughput_rows_per_s=1882.3087
per_endpoint_count: ep0=1024 ep1=1024 ep2=1024 ep3=1024
