loaded 2048 payloads from /users/dmicloiu/projects/flock/analysis/results/router_sticky_sweep/2492926/payloads_k256.jsonl
loaded 2048 prefix keys from /users/dmicloiu/projects/flock/analysis/results/router_sticky_sweep/2492926/keys_k256.txt
strategy=sticky_by_prefix endpoints=4 inflight=128 warmup=0 total=2048 timeout_ms=120000 rows_per_request=32 payloads=2048 keys=2048
  [main] submitted=129 completed=1 inflight=128 rate=0.4 req/s
  [main] submitted=258 completed=130 inflight=128 rate=62.6 req/s
  [main] submitted=384 completed=256 inflight=128 rate=61.9 req/s
  [main] submitted=526 completed=400 inflight=126 rate=70.0 req/s
  [main] submitted=662 completed=535 inflight=127 rate=65.1 req/s
  [main] submitted=803 completed=675 inflight=128 rate=67.0 req/s
  [main] submitted=953 completed=825 inflight=128 rate=74.9 req/s
  [main] submitted=1071 completed=944 inflight=127 rate=56.9 req/s
  [main] submitted=1208 completed=1080 inflight=128 rate=67.0 req/s
  [main] submitted=1351 completed=1223 inflight=128 rate=71.2 req/s
  [main] submitted=1488 completed=1360 inflight=128 rate=66.0 req/s
  [main] submitted=1622 completed=1494 inflight=128 rate=66.8 req/s
  [main] submitted=1746 completed=1620 inflight=126 rate=63.0 req/s
  [main] submitted=1894 completed=1766 inflight=128 rate=71.9 req/s
  [main] submitted=2020 completed=1892 inflight=128 rate=62.6 req/s
  [main] done: 2048 req in 31.97s = 64.06 req/s
MAIN strategy=sticky_by_prefix total=2048 ok=2048 err=0 elapsed_s=31.969 throughput_rows_per_s=2049.9780
per_endpoint_count: ep0=512 ep1=512 ep2=512 ep3=512
