loaded 2048 payloads from /users/dmicloiu/projects/flock/analysis/results/router_sticky_sweep/2475288/payloads_k256.jsonl
loaded 2048 prefix keys from /users/dmicloiu/projects/flock/analysis/results/router_sticky_sweep/2475288/keys_k256.txt
strategy=round_robin endpoints=4 inflight=128 warmup=0 total=2048 timeout_ms=120000 rows_per_request=32 payloads=2048 keys=2048
  [main] submitted=129 completed=2 inflight=127 rate=0.7 req/s
  [main] submitted=257 completed=130 inflight=127 rate=59.3 req/s
  [main] submitted=385 completed=257 inflight=128 rate=59.1 req/s
  [main] submitted=513 completed=385 inflight=128 rate=60.2 req/s
  [main] submitted=638 completed=510 inflight=128 rate=61.0 req/s
  [main] submitted=756 completed=628 inflight=128 rate=57.8 req/s
  [main] submitted=872 completed=744 inflight=128 rate=57.8 req/s
  [main] submitted=988 completed=860 inflight=128 rate=57.3 req/s
  [main] submitted=1106 completed=978 inflight=128 rate=58.5 req/s
  [main] submitted=1220 completed=1092 inflight=128 rate=56.5 req/s
  [main] submitted=1335 completed=1207 inflight=128 rate=57.1 req/s
  [main] submitted=1451 completed=1323 inflight=128 rate=56.7 req/s
  [main] submitted=1568 completed=1440 inflight=128 rate=57.8 req/s
  [main] submitted=1684 completed=1556 inflight=128 rate=57.9 req/s
  [main] submitted=1800 completed=1672 inflight=128 rate=57.7 req/s
  [main] submitted=1917 completed=1789 inflight=128 rate=57.4 req/s
  [main] submitted=2034 completed=1906 inflight=128 rate=58.3 req/s
  [main] done: 2048 req in 36.34s = 56.36 req/s
MAIN strategy=round_robin total=2048 ok=2048 err=0 elapsed_s=36.338 throughput_rows_per_s=1803.5014
per_endpoint_count: ep0=512 ep1=512 ep2=512 ep3=512
