loaded 2048 payloads from /users/dmicloiu/projects/flock/analysis/results/router_analysis/2468321/payloads_uniform.jsonl
strategy=single endpoints=4 inflight=256 warmup=256 total=2048 timeout_ms=120000 rows_per_request=32 payloads=2048 keys=0
  [warmup] done: 256 req in 11.27s = 22.72 req/s
  [main] submitted=319 completed=63 inflight=256 rate=30.4 req/s
  [main] submitted=349 completed=95 inflight=254 rate=15.3 req/s
  [main] submitted=407 completed=152 inflight=255 rate=25.6 req/s
  [main] submitted=488 completed=234 inflight=254 rate=37.3 req/s
  [main] submitted=513 completed=257 inflight=256 rate=9.1 req/s
  [main] submitted=568 completed=312 inflight=256 rate=26.3 req/s
  [main] submitted=624 completed=369 inflight=255 rate=26.9 req/s
  [main] submitted=675 completed=420 inflight=255 rate=24.7 req/s
  [main] submitted=734 completed=479 inflight=255 rate=26.6 req/s
  [main] submitted=783 completed=528 inflight=255 rate=23.4 req/s
  [main] submitted=835 completed=579 inflight=256 rate=24.3 req/s
  [main] submitted=882 completed=626 inflight=256 rate=23.0 req/s
  [main] submitted=942 completed=687 inflight=255 rate=28.5 req/s
  [main] submitted=1000 completed=744 inflight=256 rate=25.7 req/s
  [main] submitted=1043 completed=788 inflight=255 rate=20.5 req/s
  [main] submitted=1101 completed=846 inflight=255 rate=28.8 req/s
  [main] submitted=1152 completed=898 inflight=254 rate=25.1 req/s
  [main] submitted=1210 completed=954 inflight=256 rate=25.9 req/s
  [main] submitted=1267 completed=1011 inflight=256 rate=26.1 req/s
  [main] submitted=1312 completed=1057 inflight=255 rate=22.5 req/s
  [main] submitted=1368 completed=1112 inflight=256 rate=25.2 req/s
  [main] submitted=1425 completed=1172 inflight=253 rate=27.2 req/s
  [main] submitted=1478 completed=1223 inflight=255 rate=25.5 req/s
  [main] submitted=1534 completed=1278 inflight=256 rate=25.0 req/s
  [main] submitted=1585 completed=1329 inflight=256 rate=23.7 req/s
  [main] submitted=1636 completed=1381 inflight=255 rate=26.0 req/s
  [main] submitted=1687 completed=1431 inflight=256 rate=23.7 req/s
  [main] submitted=1739 completed=1483 inflight=256 rate=25.9 req/s
  [main] submitted=1794 completed=1538 inflight=256 rate=22.7 req/s
  [main] submitted=1855 completed=1600 inflight=255 rate=28.5 req/s
  [main] submitted=1908 completed=1654 inflight=254 rate=26.9 req/s
  [main] submitted=1959 completed=1704 inflight=255 rate=22.9 req/s
  [main] submitted=2011 completed=1756 inflight=255 rate=25.9 req/s
  [main] done: 2048 req in 73.33s = 27.93 req/s
MAIN strategy=single total=2048 ok=2048 err=0 elapsed_s=73.331 throughput_rows_per_s=893.6956
per_endpoint_count: ep0=2048 ep1=0 ep2=0 ep3=0
